// Jest Snapshot v1, https://goo.gl/fbAQLP

exports[`Cart checkout() should return an object with the total and the list of items 1`] = `
Object {
  "formatted": "R$ 1.899,08",
  "items": Array [
    Object {
      "product": Object {
        "price": 35388,
        "title": "Tenis",
      },
      "quantity": 3,
    },
    Object {
      "product": Object {
        "price": 41872,
        "title": "Camisa",
      },
      "quantity": 2,
    },
  ],
  "total": 189908,
}
`;

exports[`Cart summary() should return an object with the total and the list of items 1`] = `
Object {
  "formatted": "R$ 1.899,08",
  "items": Array [
    Object {
      "product": Object {
        "price": 35388,
        "title": "Tenis",
      },
      "quantity": 3,
    },
    Object {
      "product": Object {
        "price": 41872,
        "title": "Camisa",
      },
      "quantity": 2,
    },
  ],
  "total": 189908,
}
`;
